

    Directory: C:\Users\anis
    k\Downloads\DL 
    Clinic\dl-clinic


Mode           LastWriteTime
----           -------------
d-----  18-02-2026     13:43
d-----  18-02-2026     20:52
d-----  18-02-2026     20:56
-a----  18-02-2026     13:44
-a----  18-02-2026     21:01


